// Jest Snapshot v1, https://goo.gl/fbAQLP

exports[`ViewCourseList component renders a .ViewCourseList by default 1`] = `
<div
  className="ViewCourseList"
>
  <Link
    className="ViewCourseList_link"
    to="/add-course-page"
  >
    Add Course
  </Link>
  <ul
    className="ViewCourseList_list"
  >
    ;
  </ul>
</div>
`;

exports[`ViewCourseList component renders a Course in ul for each course in array 1`] = `
<ul
  className="ViewCourseList_list"
>
  ;
</ul>
`;
